yarn run v1.22.22
$ expo start
env: load .env
env: export EXPO_TUNNEL_SUBDOMAIN EXPO_PACKAGER_HOSTNAME EXPO_PUBLIC_API_BASE_URL EXPO_USE_FAST_RESOLVER METRO_CACHE_ROOT
Starting project at /app/frontend
Fast resolver is enabled.
Starting Metro Bundler
The following packages should be updated for best compatibility with the installed expo version:
  expo-blur@14.1.5 - expected version: ~15.0.7
  expo-constants@17.1.7 - expected version: ~18.0.9
  expo-font@13.3.2 - expected version: ~14.0.9
  expo-haptics@14.1.4 - expected version: ~15.0.7
  expo-linking@7.1.7 - expected version: ~8.0.8
  expo-router@5.1.7 - expected version: ~6.0.11
  expo-splash-screen@0.30.10 - expected version: ~31.0.10
  expo-status-bar@2.2.3 - expected version: ~3.0.8
  expo-symbols@0.4.5 - expected version: ~1.0.7
  expo-system-ui@5.0.11 - expected version: ~6.0.7
  expo-web-browser@14.2.0 - expected version: ~15.0.8
  react@19.0.0 - expected version: 19.1.0
  react-dom@19.0.0 - expected version: 19.1.0
  react-native@0.79.5 - expected version: 0.81.4
  react-native-gesture-handler@2.24.0 - expected version: ~2.28.0
  react-native-reanimated@3.17.5 - expected version: ~4.1.1
  react-native-svg@15.14.0 - expected version: 15.12.1
  react-native-web@0.20.0 - expected version: ^0.21.0
  react-native-webview@13.13.5 - expected version: 13.15.0
  @types/react@19.0.14 - expected version: ~19.1.10
  eslint-config-expo@9.2.0 - expected version: ~10.0.0
  typescript@5.8.3 - expected version: ~5.9.2
Your project may not work correctly until you install the expected versions of the packages.
Waiting on http://localhost:8081
Logs for your project will appear below.
error Command failed with signal "SIGTERM".
info Visit https://yarnpkg.com/en/docs/cli/run for documentation about this command.
